[backblue.gif]
[fade.gif]
[index.html]
[localhost/ngemlak/feed/index.html]
[localhost/ngemlak/wp-content/themes/astra/assets/fonts/astra.woff]
[localhost/ngemlak/comments/feed/index.html]
[localhost/ngemlak/wp-content/plugins/elementor/assets/lib/font-awesome/js/v4-shims.minf3df.js]
[localhost/ngemlak/wp-json/index.html]
[localhost/ngemlak/wp-json/wp/v2/pages/1215.json]
[localhost/ngemlak/xmlrpc0db0.php]
[localhost/ngemlak/wp-includes/wlwmanifest.xml]
[localhost/ngemlak/wp-json/oembed/1.0/embed8dd4.json]
[localhost/ngemlak/wp-json/oembed/1.0/embedaec0]
[localhost/ngemlak/wp-content/uploads/2022/08/ng-120x88.jpg]
[localhost/ngemlak/wp-content/uploads/2020/08/hero-img-1.jpg]
[localhost/ngemlak/wp-content/uploads/2020/08/about-owners-1.jpg]
[localhost/ngemlak/wp-content/themes/astra/assets/js/minified/frontend.mina560.js]
[localhost/ngemlak/wp-content/plugins/elementor/assets/js/webpack.runtime.minf3df.js]
[localhost/ngemlak/wp-includes/js/jquery/jquery.minaf6c.js]
[localhost/ngemlak/wp-includes/js/jquery/jquery-migrate.mind617.js]
[localhost/ngemlak/wp-content/plugins/elementor/assets/js/frontend-modules.minf3df.js]
[localhost/ngemlak/wp-content/plugins/elementor/assets/lib/waypoints/waypoints.min05da.js]
[localhost/ngemlak/wp-includes/js/jquery/ui/core.min0028.js]
[localhost/ngemlak/wp-content/plugins/elementor/assets/js/frontend.minf3df.js]
[localhost/ngemlak/wp-includes/js/underscore.minb37e.js]
[localhost/ngemlak/wp-includes/js/wp-util.min37ad.js]
[localhost/ngemlak/index.html]
[localhost/ngemlak/wp-content/plugins/wpforms-lite/assets/js/integrations/elementor/frontend.min41a5.js]
[localhost/ngemlak/wp-content/themes/astra/assets/css/minified/frontend.mina560.css]
[localhost/ngemlak/wp-content/themes/astra/assets/css/minified/menu-animation.mina560.css]
[localhost/ngemlak/wp-includes/css/dist/block-library/style.min37ad.css]
[localhost/ngemlak/wp-content/plugins/elementor/assets/lib/eicons/fonts/eicons1075.eot]
[localhost/ngemlak/wp-content/plugins/elementor/assets/lib/eicons/fonts/eicons1075.woff2]
[localhost/ngemlak/wp-content/plugins/elementor/assets/lib/eicons/fonts/eicons1075.woff]
[localhost/ngemlak/wp-content/plugins/elementor/assets/lib/eicons/fonts/eicons1075.ttf]
[localhost/ngemlak/wp-content/plugins/elementor/assets/lib/eicons/css/elementor-icons.min91ce.css]
[localhost/ngemlak/wp-content/plugins/elementor/assets/css/frontend-lite.minf3df.css]
[localhost/ngemlak/wp-content/uploads/elementor/css/post-682658c.css]
[localhost/ngemlak/wp-content/plugins/elementor/assets/lib/font-awesome/webfonts/fa-brands-400.eot]
[localhost/ngemlak/wp-content/plugins/elementor/assets/lib/font-awesome/webfonts/fa-brands-400.woff2]
[localhost/ngemlak/wp-content/plugins/elementor/assets/lib/font-awesome/webfonts/fa-brands-400d41d.eot]
[localhost/ngemlak/wp-content/plugins/elementor/assets/lib/font-awesome/webfonts/fa-brands-400.woff]
[localhost/ngemlak/wp-content/plugins/elementor/assets/lib/font-awesome/webfonts/fa-brands-400.ttf]
[localhost/ngemlak/wp-content/plugins/elementor/assets/lib/font-awesome/webfonts/fa-regular-400.eot]
[localhost/ngemlak/wp-content/plugins/elementor/assets/lib/font-awesome/webfonts/fa-regular-400d41d.eot]
[localhost/ngemlak/wp-content/plugins/elementor/assets/lib/font-awesome/webfonts/fa-regular-400.woff2]
[localhost/ngemlak/wp-content/plugins/elementor/assets/lib/font-awesome/webfonts/fa-regular-400.woff]
[localhost/ngemlak/wp-content/plugins/elementor/assets/lib/font-awesome/webfonts/fa-regular-400.ttf]
[localhost/ngemlak/wp-content/plugins/elementor/assets/lib/font-awesome/webfonts/fa-solid-900.eot]
[localhost/ngemlak/wp-content/plugins/elementor/assets/lib/font-awesome/webfonts/fa-solid-900.woff2]
[localhost/ngemlak/wp-content/plugins/elementor/assets/lib/font-awesome/webfonts/fa-solid-900d41d.eot]
[localhost/ngemlak/wp-content/plugins/elementor/assets/lib/font-awesome/webfonts/fa-solid-900.woff]
[localhost/ngemlak/wp-content/plugins/elementor/assets/lib/font-awesome/webfonts/fa-solid-900.ttf]
[localhost/ngemlak/wp-content/plugins/elementor/assets/lib/font-awesome/css/all.minf3df.css]
[localhost/ngemlak/wp-content/plugins/elementor/assets/lib/font-awesome/css/v4-shims.minf3df.css]
[localhost/ngemlak/wp-content/uploads/2020/08/hero-bg-img-1.jpg]
[localhost/ngemlak/wp-content/uploads/elementor/css/post-12158ce6.css]
[localhost/ngemlak/wp-content/plugins/elementor/assets/lib/font-awesome/css/fontawesome.min52d5.css]
[localhost/ngemlak/wp-content/plugins/elementor/assets/lib/font-awesome/css/solid.min52d5.css]
[localhost/ngemlak/wp-content/plugins/elementor/assets/lib/font-awesome/css/regular.min52d5.css]
[localhost/ngemlak/wp-json/wp/v2/pages/1217.json]
[localhost/ngemlak/wp-json/oembed/1.0/embed7000.json]
[localhost/ngemlak/wp-json/oembed/1.0/embed46ea]
[localhost/ngemlak/wp-content/uploads/2020/08/keith-keller-1.jpg]
[localhost/ngemlak/wp-content/uploads/2020/08/image-07.jpg]
[localhost/ngemlak/wp-content/uploads/2020/08/image-09.jpg]
[localhost/ngemlak/wp-content/uploads/2020/08/image-11.jpg]
[localhost/ngemlak/about/index.html]
[localhost/ngemlak/wp-json/wp/v2/pages/1216.json]
[localhost/ngemlak/wp-json/oembed/1.0/embed39a0.json]
[localhost/ngemlak/wp-json/oembed/1.0/embed6cdc]
[localhost/ngemlak/wp-content/uploads/2020/08/project-1-1.jpg]
[localhost/ngemlak/wp-content/uploads/2020/08/project-2-1.jpg]
[localhost/ngemlak/wp-content/uploads/2020/08/project-3-1.jpg]
[localhost/ngemlak/wp-content/uploads/2020/08/project-4-1.jpg]
[localhost/ngemlak/wp-content/uploads/2020/08/project-5-1.jpg]
[localhost/ngemlak/wp-content/uploads/2020/08/kitchen-1-1.jpg]
[localhost/ngemlak/wp-content/uploads/2020/08/kitchen-2-1.jpg]
[localhost/ngemlak/wp-content/uploads/2020/08/kitchen-3-1.jpg]
[localhost/ngemlak/wp-content/uploads/2020/08/kitchen-4-1.jpg]
[localhost/ngemlak/wp-content/uploads/2020/08/kitchen-5-1.jpg]
[localhost/ngemlak/wp-content/uploads/2020/08/office-1-1.jpg]
[localhost/ngemlak/wp-content/uploads/2020/08/office-2-1.jpg]
[localhost/ngemlak/wp-content/uploads/2020/08/office-3-1.jpg]
[localhost/ngemlak/wp-content/uploads/2020/08/office-4-1.jpg]
[localhost/ngemlak/wp-content/uploads/2020/08/bedroom-1-1.jpg]
[localhost/ngemlak/wp-content/uploads/2020/08/bedroom-2-1.jpg]
[localhost/ngemlak/wp-content/uploads/2020/08/bedroom-3-1.jpg]
[localhost/ngemlak/wp-content/uploads/2020/08/bedroom-4-1-1.jpg]
[localhost/ngemlak/wp-content/uploads/2020/08/bedroom-5-1.jpg]
[localhost/ngemlak/portfolio/index.html]
[localhost/ngemlak/wp-json/wp/v2/pages/15.json]
[localhost/ngemlak/wp-json/oembed/1.0/embed2291.json]
[localhost/ngemlak/wp-json/oembed/1.0/embeddbb6]
[localhost/ngemlak/wp-content/plugins/wpforms-lite/assets/lib/jquery.validate.min7e9d.js]
[localhost/ngemlak/wp-content/plugins/wpforms-lite/assets/lib/mailcheck.mincfa9.js]
[localhost/ngemlak/wp-content/plugins/wpforms-lite/assets/lib/punycode.min8a54.js]
[localhost/ngemlak/wp-content/plugins/wpforms-lite/assets/js/utils.min41a5.js]
[localhost/ngemlak/wp-content/plugins/wpforms-lite/assets/js/wpforms.min41a5.js]
[localhost/ngemlak/contact/index.html]
[localhost/ngemlak/wp-content/plugins/elementor/assets/css/widget-icon-box.min.css]
[localhost/ngemlak/wp-content/plugins/elementor/assets/css/widget-icon-list.min.css]
[localhost/ngemlak/wp-content/uploads/2021/03/logo-5.svg]
[localhost/ngemlak/wp-content/uploads/2021/03/logo-3.svg]
[localhost/ngemlak/wp-content/uploads/2021/03/logo-4.svg]
[localhost/ngemlak/wp-content/uploads/2021/03/logo-2.svg]
[localhost/ngemlak/wp-content/uploads/2021/03/logo-1.svg]
[localhost/ngemlak/wp-content/uploads/2020/06/interior-design-solutions-logo-roboto.svg]
[localhost/ngemlak/wp-content/themes/astra/assets/css/minified/galleries.mina560.css]
[localhost/ngemlak/wp-content/plugins/elementor/assets/lib/eicons/fonts/eicons1075.svg]
[localhost/ngemlak/wp-content/plugins/elementor/assets/lib/font-awesome/webfonts/fa-brands-400.svg]
[localhost/ngemlak/wp-content/plugins/elementor/assets/lib/font-awesome/webfonts/fa-regular-400.svg]
[localhost/ngemlak/wp-content/plugins/elementor/assets/lib/font-awesome/webfonts/fa-solid-900.svg]
[localhost/ngemlak/wp-content/uploads/2020/08/about-bg.jpg]
[localhost/ngemlak/wp-content/uploads/elementor/css/post-1217c32b.css]
[localhost/ngemlak/wp-content/plugins/elementor/assets/lib/font-awesome/css/brands.min52d5.css]
[localhost/ngemlak/index6f3b.html]
[localhost/ngemlak/wp-content/uploads/2020/08/project-bg-img-1.jpg]
[localhost/ngemlak/wp-content/uploads/elementor/css/post-12166b0b.css]
[localhost/ngemlak/index9f30.html]
[localhost/ngemlak/wp-content/plugins/wpforms-lite/assets/css/wpforms-base.min41a5.css]
[localhost/ngemlak/wp-content/uploads/2020/08/contact-us-bg-1.jpg]
[localhost/ngemlak/wp-content/uploads/elementor/css/post-150546.css]
[localhost/ngemlak/indexa1ca.html]
[localhost/ngemlak/wp-content/plugins/wpforms-lite/assets/images/times-solid-white.svg]
